// Jest Snapshot v1, https://goo.gl/fbAQLP

exports[`<Exemplo/> should render correctly 1`] = `
<div>
  <h2>
    Mauricio
  </h2>
</div>
`;
